pyinstaller.exe : 312 INFO: PyInstaller: 6.19.0, contrib hooks: 2026.2
At line:1 char:39
+ ... ncial_App'; & .\venv\Scripts\pyinstaller.exe FinancialTracker.spec -- ...
+                 ~~~~~~~~~~~~~~~~~~~~~~~~~~~~~~~~~~~~~~~~~~~~~~~~~~~~~~~~~
    + CategoryInfo          : NotSpecified: (312 INFO: PyIns...b hooks: 2026.2:String) [], RemoteException
    + FullyQualifiedErrorId : NativeCommandError
 
313 INFO: Python: 3.13.3
359 INFO: Platform: Windows-11-10.0.26200-SP0
359 INFO: Python environment: C:\Arun\Financial_App\venv
601 WARNING: Failed to collect submodules for 'matplotlib.tests' because importing 'matplotlib.tests' raised: OSError: 
The baseline image directory does not exist. This is most likely because the test data is not installed. You may need 
to install matplotlib from source to get the test data.
4801 INFO: Module search paths (PYTHONPATH):
['C:\\Arun\\Financial_App\\venv\\Scripts\\pyinstaller.exe',
 'C:\\Users\\rajes\\AppData\\Local\\Programs\\Python\\Python313\\python313.zip',
 'C:\\Users\\rajes\\AppData\\Local\\Programs\\Python\\Python313\\DLLs',
 'C:\\Users\\rajes\\AppData\\Local\\Programs\\Python\\Python313\\Lib',
 'C:\\Users\\rajes\\AppData\\Local\\Programs\\Python\\Python313',
 'C:\\Arun\\Financial_App\\venv',
 'C:\\Arun\\Financial_App\\venv\\Lib\\site-packages',
 'C:\\Arun\\Financial_App']
5299 INFO: Appending 'datas' from .spec
5327 INFO: checking Analysis
5348 INFO: Building because hiddenimports changed
5348 INFO: Looking for Python shared library...
5348 INFO: Using Python shared library: C:\Users\rajes\AppData\Local\Programs\Python\Python313\python313.dll
5348 INFO: Running Analysis Analysis-00.toc
5348 INFO: Target bytecode optimization level: 0
5348 INFO: Initializing module dependency graph...
5352 INFO: Initializing module graph hook caches...
5386 INFO: Analyzing modules for base_library.zip ...
7008 INFO: Processing standard module hook 'hook-encodings.py' from 
'C:\\Arun\\Financial_App\\venv\\Lib\\site-packages\\PyInstaller\\hooks'
8741 INFO: Processing standard module hook 'hook-pickle.py' from 
'C:\\Arun\\Financial_App\\venv\\Lib\\site-packages\\PyInstaller\\hooks'
9609 INFO: Processing standard module hook 'hook-heapq.py' from 
'C:\\Arun\\Financial_App\\venv\\Lib\\site-packages\\PyInstaller\\hooks'
10125 INFO: Caching module dependency graph...
10155 INFO: Analyzing C:\Arun\Financial_App\main.py
10167 INFO: Processing standard module hook 'hook-PyQt6.py' from 
'C:\\Arun\\Financial_App\\venv\\Lib\\site-packages\\PyInstaller\\hooks'
10836 INFO: Processing standard module hook 'hook-PyQt6.QtWidgets.py' from 
'C:\\Arun\\Financial_App\\venv\\Lib\\site-packages\\PyInstaller\\hooks'
15456 INFO: Processing standard module hook 'hook-PyQt6.QtCore.py' from 
'C:\\Arun\\Financial_App\\venv\\Lib\\site-packages\\PyInstaller\\hooks'
22779 INFO: Processing standard module hook 'hook-PyQt6.QtGui.py' from 
'C:\\Arun\\Financial_App\\venv\\Lib\\site-packages\\PyInstaller\\hooks'
55200 INFO: Processing standard module hook 'hook-sqlite3.py' from 
'C:\\Arun\\Financial_App\\venv\\Lib\\site-packages\\PyInstaller\\hooks'
55632 INFO: Processing standard module hook 'hook-bcrypt.py' from 
'C:\\Arun\\Financial_App\\venv\\Lib\\site-packages\\_pyinstaller_hooks_contrib\\stdhooks'
55636 INFO: Processing standard module hook 'hook-cryptography.py' from 
'C:\\Arun\\Financial_App\\venv\\Lib\\site-packages\\_pyinstaller_hooks_contrib\\stdhooks'
57106 INFO: hook-cryptography: cryptography does not seem to be using dynamically linked OpenSSL.
57287 INFO: Processing standard module hook 'hook-matplotlib.py' from 
'C:\\Arun\\Financial_App\\venv\\Lib\\site-packages\\PyInstaller\\hooks'
57668 INFO: Processing pre-safe-import-module hook 'hook-packaging.py' from 
'C:\\Arun\\Financial_App\\venv\\Lib\\site-packages\\PyInstaller\\hooks\\pre_safe_import_module'
57670 INFO: SetuptoolsInfo: initializing cached setuptools info...
58437 INFO: Processing pre-safe-import-module hook 'hook-typing_extensions.py' from 
'C:\\Arun\\Financial_App\\venv\\Lib\\site-packages\\PyInstaller\\hooks\\pre_safe_import_module'
58537 INFO: Processing standard module hook 'hook-numpy.py' from 
'C:\\Arun\\Financial_App\\venv\\Lib\\site-packages\\PyInstaller\\hooks'
59356 INFO: Processing standard module hook 'hook-sysconfig.py' from 
'C:\\Arun\\Financial_App\\venv\\Lib\\site-packages\\PyInstaller\\hooks'
59498 INFO: Processing standard module hook 'hook-multiprocessing.util.py' from 
'C:\\Arun\\Financial_App\\venv\\Lib\\site-packages\\PyInstaller\\hooks'
59673 INFO: Processing standard module hook 'hook-xml.py' from 
'C:\\Arun\\Financial_App\\venv\\Lib\\site-packages\\PyInstaller\\hooks'
59922 INFO: Processing standard module hook 'hook-_ctypes.py' from 
'C:\\Arun\\Financial_App\\venv\\Lib\\site-packages\\PyInstaller\\hooks'
59975 INFO: Processing standard module hook 'hook-platform.py' from 
'C:\\Arun\\Financial_App\\venv\\Lib\\site-packages\\PyInstaller\\hooks'
60013 INFO: Processing standard module hook 'hook-difflib.py' from 
'C:\\Arun\\Financial_App\\venv\\Lib\\site-packages\\PyInstaller\\hooks'
61925 INFO: Processing pre-safe-import-module hook 'hook-gi.py' from 
'C:\\Arun\\Financial_App\\venv\\Lib\\site-packages\\PyInstaller\\hooks\\pre_safe_import_module'
62021 INFO: Processing standard module hook 'hook-PIL.py' from 
'C:\\Arun\\Financial_App\\venv\\Lib\\site-packages\\PyInstaller\\hooks'
62187 INFO: Processing standard module hook 'hook-PIL.Image.py' from 
'C:\\Arun\\Financial_App\\venv\\Lib\\site-packages\\PyInstaller\\hooks'
62723 INFO: Processing standard module hook 'hook-pycparser.py' from 
'C:\\Arun\\Financial_App\\venv\\Lib\\site-packages\\_pyinstaller_hooks_contrib\\stdhooks'
62857 INFO: Processing standard module hook 'hook-setuptools.py' from 
'C:\\Arun\\Financial_App\\venv\\Lib\\site-packages\\PyInstaller\\hooks'
62869 INFO: Processing pre-safe-import-module hook 'hook-distutils.py' from 
'C:\\Arun\\Financial_App\\venv\\Lib\\site-packages\\PyInstaller\\hooks\\pre_safe_import_module'
62901 INFO: Processing pre-safe-import-module hook 'hook-jaraco.py' from 
'C:\\Arun\\Financial_App\\venv\\Lib\\site-packages\\PyInstaller\\hooks\\pre_safe_import_module'
62901 INFO: Setuptools: 'jaraco' appears to be a full setuptools-vendored copy - creating alias to 
'setuptools._vendor.jaraco'!
62912 INFO: Processing pre-safe-import-module hook 'hook-more_itertools.py' from 
'C:\\Arun\\Financial_App\\venv\\Lib\\site-packages\\PyInstaller\\hooks\\pre_safe_import_module'
62912 INFO: Setuptools: 'more_itertools' appears to be a setuptools-vendored copy - creating alias to 
'setuptools._vendor.more_itertools'!
63254 INFO: Processing standard module hook 'hook-setuptools._vendor.jaraco.text.py' from 
'C:\\Arun\\Financial_App\\venv\\Lib\\site-packages\\PyInstaller\\hooks'
63258 INFO: Processing pre-safe-import-module hook 'hook-importlib_resources.py' from 
'C:\\Arun\\Financial_App\\venv\\Lib\\site-packages\\PyInstaller\\hooks\\pre_safe_import_module'
63267 INFO: Processing pre-safe-import-module hook 'hook-backports.py' from 
'C:\\Arun\\Financial_App\\venv\\Lib\\site-packages\\PyInstaller\\hooks\\pre_safe_import_module'
63267 INFO: Setuptools: 'backports' appears to be a full setuptools-vendored copy - creating alias to 
'setuptools._vendor.backports'!
63424 INFO: Processing pre-safe-import-module hook 'hook-importlib_metadata.py' from 
'C:\\Arun\\Financial_App\\venv\\Lib\\site-packages\\PyInstaller\\hooks\\pre_safe_import_module'
63425 INFO: Setuptools: 'importlib_metadata' appears to be a setuptools-vendored copy - creating alias to 
'setuptools._vendor.importlib_metadata'!
63526 INFO: Processing standard module hook 'hook-setuptools._vendor.importlib_metadata.py' from 
'C:\\Arun\\Financial_App\\venv\\Lib\\site-packages\\PyInstaller\\hooks'
63553 INFO: Processing pre-safe-import-module hook 'hook-zipp.py' from 
'C:\\Arun\\Financial_App\\venv\\Lib\\site-packages\\PyInstaller\\hooks\\pre_safe_import_module'
63553 INFO: Setuptools: 'zipp' appears to be a setuptools-vendored copy - creating alias to 'setuptools._vendor.zipp'!
63920 INFO: Processing pre-safe-import-module hook 'hook-tomli.py' from 
'C:\\Arun\\Financial_App\\venv\\Lib\\site-packages\\PyInstaller\\hooks\\pre_safe_import_module'
63920 INFO: Setuptools: 'tomli' appears to be a setuptools-vendored copy - creating alias to 
'setuptools._vendor.tomli'!
64507 INFO: Processing pre-safe-import-module hook 'hook-wheel.py' from 
'C:\\Arun\\Financial_App\\venv\\Lib\\site-packages\\PyInstaller\\hooks\\pre_safe_import_module'
64507 INFO: Setuptools: 'wheel' appears to be a setuptools-vendored copy - creating alias to 
'setuptools._vendor.wheel'!
65276 INFO: Processing standard module hook 'hook-PIL.ImageFilter.py' from 
'C:\\Arun\\Financial_App\\venv\\Lib\\site-packages\\PyInstaller\\hooks'
65973 INFO: Processing standard module hook 'hook-matplotlib.backends.py' from 
'C:\\Arun\\Financial_App\\venv\\Lib\\site-packages\\PyInstaller\\hooks'
66059 INFO: Processing standard module hook 'hook-matplotlib.pyplot.py' from 
'C:\\Arun\\Financial_App\\venv\\Lib\\site-packages\\PyInstaller\\hooks'
66623 INFO: Processing standard module hook 'hook-matplotlib.backend_bases.py' from 
'C:\\Arun\\Financial_App\\venv\\Lib\\site-packages\\PyInstaller\\hooks'
67216 INFO: Processing standard module hook 'hook-dateutil.py' from 
'C:\\Arun\\Financial_App\\venv\\Lib\\site-packages\\_pyinstaller_hooks_contrib\\stdhooks'
67286 INFO: Processing pre-safe-import-module hook 'hook-six.moves.py' from 
'C:\\Arun\\Financial_App\\venv\\Lib\\site-packages\\PyInstaller\\hooks\\pre_safe_import_module'
68922 INFO: Processing standard module hook 'hook-matplotlib.backends.backend_qtagg.py' from 
'C:\\Arun\\Financial_App\\venv\\Lib\\site-packages\\PyInstaller\\hooks'
68927 INFO: Processing standard module hook 'hook-matplotlib.backends.qt_compat.py' from 
'C:\\Arun\\Financial_App\\venv\\Lib\\site-packages\\PyInstaller\\hooks'
68927 INFO: hook-matplotlib.backends.qt_compat: selected 'PyQt6' as Qt bindings because hook for 'PyQt6' has been run 
before.
69080 INFO: Processing standard module hook 'hook-pandas.py' from 
'C:\\Arun\\Financial_App\\venv\\Lib\\site-packages\\PyInstaller\\hooks'
70891 INFO: Processing standard module hook 'hook-pytz.py' from 
'C:\\Arun\\Financial_App\\venv\\Lib\\site-packages\\PyInstaller\\hooks'
73476 INFO: Processing standard module hook 'hook-pandas.io.formats.style.py' from 
'C:\\Arun\\Financial_App\\venv\\Lib\\site-packages\\PyInstaller\\hooks'
75604 INFO: Processing standard module hook 'hook-pandas.plotting.py' from 
'C:\\Arun\\Financial_App\\venv\\Lib\\site-packages\\PyInstaller\\hooks'
76149 INFO: Processing standard module hook 'hook-openpyxl.py' from 
'C:\\Arun\\Financial_App\\venv\\Lib\\site-packages\\_pyinstaller_hooks_contrib\\stdhooks'
76451 INFO: Processing standard module hook 'hook-xml.etree.cElementTree.py' from 
'C:\\Arun\\Financial_App\\venv\\Lib\\site-packages\\PyInstaller\\hooks'
77930 INFO: Processing standard module hook 'hook-pandas.io.clipboard.py' from 
'C:\\Arun\\Financial_App\\venv\\Lib\\site-packages\\PyInstaller\\hooks'
78276 INFO: Processing standard module hook 'hook-xml.dom.domreg.py' from 
'C:\\Arun\\Financial_App\\venv\\Lib\\site-packages\\PyInstaller\\hooks'
78996 INFO: Analyzing hidden import 'matplotlib._animation_data'
79005 INFO: Analyzing hidden import 'matplotlib._internal_utils'
79016 INFO: Analyzing hidden import 'matplotlib._ttconv'
79018 INFO: Analyzing hidden import 'matplotlib._type1font'
79047 INFO: Analyzing hidden import 'matplotlib.animation'
79103 INFO: Analyzing hidden import 'matplotlib.backends._backend_gtk'
79136 INFO: Analyzing hidden import 'matplotlib.backends._backend_pdf_ps'
82872 INFO: Analyzing hidden import 'matplotlib.backends._backend_tk'
82926 INFO: Analyzing hidden import 'matplotlib.backends.backend_cairo'
82952 INFO: Analyzing hidden import 'matplotlib.backends.backend_gtk3'
83045 INFO: Analyzing hidden import 'matplotlib.backends.backend_gtk3agg'
83057 INFO: Analyzing hidden import 'matplotlib.backends.backend_gtk3cairo'
83067 INFO: Analyzing hidden import 'matplotlib.backends.backend_gtk4'
83094 INFO: Analyzing hidden import 'matplotlib.backends.backend_gtk4agg'
83103 INFO: Analyzing hidden import 'matplotlib.backends.backend_gtk4cairo'
83110 INFO: Analyzing hidden import 'matplotlib.backends.backend_macosx'
83122 INFO: Analyzing hidden import 'matplotlib.backends.backend_mixed'
83132 INFO: Analyzing hidden import 'matplotlib.backends.backend_nbagg'
83147 INFO: Analyzing hidden import 'matplotlib.backends.backend_pdf'
83235 INFO: Analyzing hidden import 'matplotlib.backends.backend_pgf'
83268 INFO: Analyzing hidden import 'matplotlib.backends.backend_ps'
83316 INFO: Analyzing hidden import 'matplotlib.backends.backend_qt5'
83326 INFO: Analyzing hidden import 'matplotlib.backends.backend_qt5agg'
83334 INFO: Analyzing hidden import 'matplotlib.backends.backend_qt5cairo'
83352 INFO: Processing standard module hook 'hook-matplotlib.backends.backend_qtcairo.py' from 
'C:\\Arun\\Financial_App\\venv\\Lib\\site-packages\\PyInstaller\\hooks'
83353 INFO: Analyzing hidden import 'matplotlib.backends.backend_svg'
83399 INFO: Analyzing hidden import 'matplotlib.backends.backend_template'
83410 INFO: Analyzing hidden import 'matplotlib.backends.backend_tkagg'
83416 INFO: Analyzing hidden import 'matplotlib.backends.backend_tkcairo'
83425 INFO: Analyzing hidden import 'matplotlib.backends.backend_wx'
83474 INFO: Analyzing hidden import 'matplotlib.backends.backend_wxagg'
83482 INFO: Analyzing hidden import 'matplotlib.backends.backend_wxcairo'
83490 INFO: Analyzing hidden import 'matplotlib.pylab'
83493 INFO: Analyzing hidden import 'matplotlib.sankey'
83522 INFO: Analyzing hidden import 'matplotlib.sphinxext'
83524 INFO: Analyzing hidden import 'matplotlib.sphinxext.figmpl_directive'
83540 INFO: Analyzing hidden import 'matplotlib.sphinxext.mathmpl'
83552 INFO: Analyzing hidden import 'matplotlib.sphinxext.plot_directive'
83578 INFO: Analyzing hidden import 'matplotlib.sphinxext.roles'
83589 INFO: Analyzing hidden import 'matplotlib.testing'
83608 INFO: Analyzing hidden import 'matplotlib.testing._markers'
83643 INFO: Analyzing hidden import 'matplotlib.testing.conftest'
83672 INFO: Analyzing hidden import 'matplotlib.testing.jpl_units'
83787 INFO: Analyzing hidden import 'matplotlib.testing.widgets'
83804 INFO: Analyzing hidden import 'cryptography.fernet'
83819 INFO: Analyzing hidden import 'cryptography.hazmat.primitives.asymmetric.dh'
83823 INFO: Analyzing hidden import 'cryptography.hazmat.primitives.asymmetric.dsa'
83826 INFO: Analyzing hidden import 'cryptography.hazmat.primitives.asymmetric.ed25519'
83830 INFO: Analyzing hidden import 'cryptography.hazmat.primitives.asymmetric.ed448'
83834 INFO: Analyzing hidden import 'cryptography.hazmat.primitives.asymmetric.types'
83855 INFO: Analyzing hidden import 'cryptography.hazmat.primitives.cmac'
83856 INFO: Analyzing hidden import 'cryptography.hazmat.primitives.kdf.concatkdf'
83866 INFO: Analyzing hidden import 'cryptography.hazmat.primitives.kdf.hkdf'
83876 INFO: Analyzing hidden import 'cryptography.hazmat.primitives.kdf.kbkdf'
83891 INFO: Analyzing hidden import 'cryptography.hazmat.primitives.kdf.scrypt'
83901 INFO: Analyzing hidden import 'cryptography.hazmat.primitives.kdf.x963kdf'
83912 INFO: Analyzing hidden import 'cryptography.hazmat.primitives.keywrap'
83920 INFO: Analyzing hidden import 'cryptography.hazmat.primitives.poly1305'
83921 INFO: Analyzing hidden import 'cryptography.hazmat.primitives.serialization'
83982 INFO: Analyzing hidden import 'cryptography.hazmat.primitives.serialization.pkcs12'
84111 INFO: Analyzing hidden import 'cryptography.hazmat.primitives.serialization.pkcs7'
84126 INFO: Analyzing hidden import 'cryptography.hazmat.primitives.twofactor'
84132 INFO: Analyzing hidden import 'cryptography.hazmat.primitives.twofactor.hotp'
84145 INFO: Analyzing hidden import 'cryptography.hazmat.primitives.twofactor.totp'
84153 INFO: Analyzing hidden import 'cryptography.x509.ocsp'
84169 INFO: Analyzing hidden import 'PyQt6.QtPrintSupport'
84186 INFO: Processing standard module hook 'hook-PyQt6.QtPrintSupport.py' from 
'C:\\Arun\\Financial_App\\venv\\Lib\\site-packages\\PyInstaller\\hooks'
85648 INFO: Processing module hooks (post-graph stage)...
85658 WARNING: Hidden import "pycparser.lextab" not found!
85658 WARNING: Hidden import "pycparser.yacctab" not found!
85665 INFO: Processing standard module hook 'hook-matplotlib.backends.py' from 
'C:\\Arun\\Financial_App\\venv\\Lib\\site-packages\\PyInstaller\\hooks'
85666 INFO: Matplotlib backend selection method: automatic discovery of used backends
85678 INFO: Discovered Matplotlib backend(s) via `matplotlib.use()` call in module 'app.ui.dashboard': ['QtAgg']
85682 INFO: Discovered Matplotlib backend(s) via `matplotlib.use()` call in module 'app.ui.reports.charts_widget': 
['QtAgg']
85683 INFO: The following Matplotlib backends were discovered by scanning for `matplotlib.use()` calls: ['QtAgg']. If 
your backend of choice is not in this list, either add a `matplotlib.use()` call to your code, or configure the 
backend collection via hook options (see: https://pyinstaller.org/en/stable/hooks-config.html#matplotlib-hooks).
85683 INFO: Selected matplotlib backends: ['QtAgg']
86094 INFO: Processing standard module hook 'hook-PIL.SpiderImagePlugin.py' from 
'C:\\Arun\\Financial_App\\venv\\Lib\\site-packages\\PyInstaller\\hooks'
86198 INFO: Performing binary vs. data reclassification (1386 entries)
87788 INFO: Looking for ctypes DLLs
87837 INFO: Analyzing run-time hooks ...
87845 INFO: Including run-time hook 'pyi_rth_inspect.py' from 
'C:\\Arun\\Financial_App\\venv\\Lib\\site-packages\\PyInstaller\\hooks\\rthooks'
87850 INFO: Including run-time hook 'pyi_rth_pkgutil.py' from 
'C:\\Arun\\Financial_App\\venv\\Lib\\site-packages\\PyInstaller\\hooks\\rthooks'
87853 INFO: Including run-time hook 'pyi_rth_multiprocessing.py' from 
'C:\\Arun\\Financial_App\\venv\\Lib\\site-packages\\PyInstaller\\hooks\\rthooks'
87855 INFO: Including run-time hook 'pyi_rth_setuptools.py' from 
'C:\\Arun\\Financial_App\\venv\\Lib\\site-packages\\PyInstaller\\hooks\\rthooks'
87857 INFO: Including run-time hook 'pyi_rth_pyqt6.py' from 
'C:\\Arun\\Financial_App\\venv\\Lib\\site-packages\\PyInstaller\\hooks\\rthooks'
87859 INFO: Processing pre-find-module-path hook 'hook-_pyi_rth_utils.py' from 
'C:\\Arun\\Financial_App\\venv\\Lib\\site-packages\\PyInstaller\\hooks\\pre_find_module_path'
87861 INFO: Processing standard module hook 'hook-_pyi_rth_utils.py' from 
'C:\\Arun\\Financial_App\\venv\\Lib\\site-packages\\PyInstaller\\hooks'
87864 INFO: Including run-time hook 'pyi_rth_cryptography_openssl.py' from 
'C:\\Arun\\Financial_App\\venv\\Lib\\site-packages\\_pyinstaller_hooks_contrib\\rthooks'
87866 INFO: Including run-time hook 'pyi_rth_mplconfig.py' from 
'C:\\Arun\\Financial_App\\venv\\Lib\\site-packages\\PyInstaller\\hooks\\rthooks'
87923 INFO: Creating base_library.zip...
87942 INFO: Looking for dynamic libraries
91627 INFO: Extra DLL search directories (AddDllDirectory): 
['C:\\Arun\\Financial_App\\venv\\Lib\\site-packages\\PyQt6\\Qt6\\bin', 
'C:\\Arun\\Financial_App\\venv\\Lib\\site-packages\\pandas.libs', 
'C:\\Arun\\Financial_App\\venv\\Lib\\site-packages\\numpy.libs']
91627 INFO: Extra DLL search directories (PATH): ['C:\\Arun\\Financial_App\\venv\\Lib\\site-packages\\PyQt6\\Qt6\\bin']
93530 INFO: Warnings written to C:\Arun\Financial_App\build\FinancialTracker\warn-FinancialTracker.txt
93654 INFO: Graph cross-reference written to C:\Arun\Financial_App\build\FinancialTracker\xref-FinancialTracker.html
93722 INFO: checking PYZ
93732 INFO: Building because toc changed
93732 INFO: Building PYZ (ZlibArchive) C:\Arun\Financial_App\build\FinancialTracker\PYZ-00.pyz
95072 INFO: Building PYZ (ZlibArchive) C:\Arun\Financial_App\build\FinancialTracker\PYZ-00.pyz completed successfully.
95095 INFO: checking PKG
95097 INFO: Building because toc changed
95097 INFO: Building PKG (CArchive) FinancialTracker.pkg
95124 INFO: Building PKG (CArchive) FinancialTracker.pkg completed successfully.
95125 INFO: Bootloader C:\Arun\Financial_App\venv\Lib\site-packages\PyInstaller\bootloader\Windows-64bit-intel\runw.exe
95125 INFO: checking EXE
95126 INFO: Building because toc changed
95126 INFO: Building EXE from EXE-00.toc
95126 INFO: Copying bootloader EXE to C:\Arun\Financial_App\build\FinancialTracker\FinancialTracker.exe
95130 INFO: Copying icon to EXE
95134 INFO: Copying 0 resources to EXE
95135 INFO: Embedding manifest in EXE
95138 INFO: Appending PKG archive to EXE
95147 INFO: Fixing EXE headers
95223 INFO: Building EXE from EXE-00.toc completed successfully.
95234 INFO: checking COLLECT
95243 INFO: Removing dir C:\Arun\Financial_App\dist\FinancialTracker
95628 INFO: Building COLLECT COLLECT-00.toc
98419 INFO: Building COLLECT COLLECT-00.toc completed successfully.
98440 INFO: Build complete! The results are available in: C:\Arun\Financial_App\dist
